INFO : Framebuffer info: FrameBufferInfo { byte_len: 2764800, width: 1280, height: 720, pixel_format: Bgr, bytes_per_pixel: 3, stride: 1280 }
INFO : 4th Stage
INFO : BiosInfo { stage_4: Region { start: 130000, len: 25260 }, kernel: Region { start: 1000000, len: 6f8e0 }, ramdisk: Region { start: 1070000, len: 0 }, config_file: Region { start: 1070000, len: 0 }, last_used_addr: 106ffff, framebuffer: BiosFramebufferInfo { region: Region { start: fd000000, len: 2a3000 }, width: 500, height: 2d0, bytes_per_pixel: 3, stride: 500, pixel_format: Bgr }, memory_map_addr: 12140, memory_map_len: 7 }
INFO : BIOS boot
INFO : Elf file loaded at Pointer {
    addr: 0x0000000001000000,
    metadata: 456928,
}
INFO : virtual_address_offset: 0x10000000000
INFO : Handling Segment: Ph64(ProgramHeader64 { type_: Ok(Load), flags: Flags(4), offset: 0, virtual_addr: 0, physical_addr: 0, file_size: 18eac, mem_size: 18eac, align: 1000 })
INFO : Handling Segment: Ph64(ProgramHeader64 { type_: Ok(Load), flags: Flags(5), offset: 18eb0, virtual_addr: 19eb0, physical_addr: 19eb0, file_size: 49d05, mem_size: 49d05, align: 1000 })
INFO : Handling Segment: Ph64(ProgramHeader64 { type_: Ok(Load), flags: Flags(6), offset: 62bb8, virtual_addr: 64bb8, physical_addr: 64bb8, file_size: 3240, mem_size: 3448, align: 1000 })
INFO : Mapping bss section
INFO : Handling Segment: Ph64(ProgramHeader64 { type_: Ok(Load), flags: Flags(6), offset: 65e00, virtual_addr: 68e00, physical_addr: 68e00, file_size: 94d0, mem_size: 19d68, align: 1000 })
INFO : Mapping bss section
INFO : Entry point at: 0x10000054720
INFO : Creating GDT at PhysAddr(0x10a9000)
INFO : Map framebuffer
INFO : Map physical memory
INFO : Allocate bootinfo
INFO : Create Memory Map
INFO : Create bootinfo
INFO : Jumping to kernel entry point at VirtAddr(0x10000054720)
[VIRTIO] init start
[VIRTIO] device found
[VIRTIO] BAR0 and IRQ found
[VIRTIO] device reset
[VIRTIO] queue checked
[VIRTIO] queue initialized
[VIRTIO] registered
[VIRTIO] registered
[MAIN] storage init done
[FS] init_storage start
[FS] storage acquired, reading superblock
[FS] superblock read OK
[FS] format_disk start
[FS] writing superblock
[FS] superblock written
[MAIN] fs init done
[TEST] First boot, writing file!
