INFO : Framebuffer info: FrameBufferInfo { byte_len: 2764800, width: 1280, height: 720, pixel_format: Bgr, bytes_per_pixel: 3, stride: 1280 }
INFO : 4th Stage
INFO : BiosInfo { stage_4: Region { start: 130000, len: 25260 }, kernel: Region { start: 1000000, len: 7bdc8 }, ramdisk: Region { start: 107c000, len: 0 }, config_file: Region { start: 107c000, len: 0 }, last_used_addr: 107bfff, framebuffer: BiosFramebufferInfo { region: Region { start: fd000000, len: 2a3000 }, width: 500, height: 2d0, bytes_per_pixel: 3, stride: 500, pixel_format: Bgr }, memory_map_addr: 12140, memory_map_len: 7 }
INFO : BIOS boot
INFO : Elf file loaded at Pointer {
    addr: 0x0000000001000000,
    metadata: 507336,
}
INFO : virtual_address_offset: 0x10000000000
INFO : Handling Segment: Ph64(ProgramHeader64 { type_: Ok(Load), flags: Flags(4), offset: 0, virtual_addr: 0, physical_addr: 0, file_size: 1ade0, mem_size: 1ade0, align: 1000 })
INFO : Handling Segment: Ph64(ProgramHeader64 { type_: Ok(Load), flags: Flags(5), offset: 1ade0, virtual_addr: 1bde0, physical_addr: 1bde0, file_size: 53f05, mem_size: 53f05, align: 1000 })
INFO : Handling Segment: Ph64(ProgramHeader64 { type_: Ok(Load), flags: Flags(6), offset: 6ece8, virtual_addr: 70ce8, physical_addr: 70ce8, file_size: 35f0, mem_size: 4318, align: 1000 })
INFO : Mapping bss section
INFO : Handling Segment: Ph64(ProgramHeader64 { type_: Ok(Load), flags: Flags(6), offset: 722e0, virtual_addr: 752e0, physical_addr: 752e0, file_size: 94d8, mem_size: 19dd0, align: 1000 })
INFO : Mapping bss section
INFO : Entry point at: 0x1000004ab80
INFO : Creating GDT at PhysAddr(0x10b6000)
INFO : Map framebuffer
INFO : Map physical memory
INFO : Allocate bootinfo
INFO : Create Memory Map
INFO : Create bootinfo
INFO : Jumping to kernel entry point at VirtAddr(0x1000004ab80)
[VIRTIO] init start
[VIRTIO] device found
[VIRTIO] BAR0 and IRQ found
[VIRTIO] device reset
[VIRTIO] queue checked
[VIRTIO] queue initialized
[VIRTIO] registered
[VIRTIO] registered
[MAIN] storage init done
[NET] init start
[NET] VirtIO network device found
[VIRTIO-NET] BAR0 and IRQ 11 found
VirtIO Net Features: 0x79bf8064
VirtIO Net RX size: 256, TX size: 256
[NET] VirtIO network registered
[NET] IP Layer configured (10.0.2.15)
[MAIN] network init done
[FS] init_storage start
[FS] storage acquired, reading superblock
[FS] superblock read OK
[FS] format_disk start
[FS] writing superblock
[FS] superblock written
[MAIN] fs init done
[MAIN] IPC tests done
NOVA OS

KERNEL INITIALIZED
ARCHITECTURE: X86_64
DISPLAY: 1280X720
MEMORY: READY (HEAP ACTIVE)
INTERRUPTS: INITIALIZED (100 HZ PIT)
KEYBOARD: READY
SCHEDULER: PREEMPTIVE (ROUND-ROBIN)
USERSPACE: READY (ELF64 + RING 0/3 + SYSCALLS)
STORAGE: MOUNTED (PERSISTENT NOVAFS)

NOVA> [MAIN] banner printed
eth0
MAC: 52:54:00:12:34:56
IP: 10.0.2.15
NETMASK: 255.255.255.0
GATEWAY: 10.0.2.2
NOVA> Pinging 10.0.2.2...
TX Used idx: 1
TX Used idx: 2
64 bytes from 10.0.2.2: icmp_seq=1
NOVA> Hello from ELF user program
Hello from ELF user program

NOVA> qemu-system-x86_64: terminating on signal 15 from pid 30765 (<unknown process>)
