INFO : Framebuffer info: FrameBufferInfo { byte_len: 2764800, width: 1280, height: 720, pixel_format: Bgr, bytes_per_pixel: 3, stride: 1280 }
INFO : 4th Stage
INFO : BiosInfo { stage_4: Region { start: 130000, len: 25260 }, kernel: Region { start: 1000000, len: 98ce8 }, ramdisk: Region { start: 1099000, len: 0 }, config_file: Region { start: 1099000, len: 0 }, last_used_addr: 1098fff, framebuffer: BiosFramebufferInfo { region: Region { start: fd000000, len: 2a3000 }, width: 500, height: 2d0, bytes_per_pixel: 3, stride: 500, pixel_format: Bgr }, memory_map_addr: 12140, memory_map_len: 7 }
INFO : BIOS boot
INFO : Elf file loaded at Pointer {
    addr: 0x0000000001000000,
    metadata: 625896,
}
INFO : virtual_address_offset: 0x10000000000
INFO : Handling Segment: Ph64(ProgramHeader64 { type_: Ok(Load), flags: Flags(4), offset: 0, virtual_addr: 0, physical_addr: 0, file_size: 2a6fc, mem_size: 2a6fc, align: 1000 })
INFO : Handling Segment: Ph64(ProgramHeader64 { type_: Ok(Load), flags: Flags(5), offset: 2a700, virtual_addr: 2b700, physical_addr: 2b700, file_size: 60ff5, mem_size: 60ff5, align: 1000 })
INFO : Handling Segment: Ph64(ProgramHeader64 { type_: Ok(Load), flags: Flags(6), offset: 8b6f8, virtual_addr: 8d6f8, physical_addr: 8d6f8, file_size: 3ae8, mem_size: 4908, align: 1000 })
INFO : Mapping bss section
INFO : Handling Segment: Ph64(ProgramHeader64 { type_: Ok(Load), flags: Flags(6), offset: 8f1e0, virtual_addr: 921e0, physical_addr: 921e0, file_size: 94fa, mem_size: 19e10, align: 1000 })
INFO : Mapping bss section
INFO : Entry point at: 0x10000067d00
INFO : Creating GDT at PhysAddr(0x10d3000)
INFO : Map framebuffer
INFO : Map physical memory
INFO : Allocate bootinfo
INFO : Create Memory Map
INFO : Create bootinfo
INFO : Jumping to kernel entry point at VirtAddr(0x10000067d00)
[VIRTIO] init start
[VIRTIO] not found, fallback to ATA
[MAIN] storage init done
[NET] init start
[NET] VirtIO network device found
[VIRTIO-NET] BAR0 and IRQ 11 found
VirtIO Net Features: 0x79bf8064
VirtIO-Net MAC: 52:54:00:12:34:56
VirtIO Net RX size: 256, TX size: 256
[NET] VirtIO network registered
[NET] IP Layer starting (using static IP for test)...
[NET] DHCP skipped, using static configuration (10.0.2.15)
[MAIN] network init done
[FS] init_storage start
[FS] storage acquired, reading superblock
[FS] superblock read OK
[FS] format_disk start
[FS] writing superblock
[FS] superblock written
[FS] ensure_default_system_files called
[MAIN] fs init done
[MAIN] IPC tests done
NOVA OS

KERNEL INITIALIZED
ARCHITECTURE: X86_64
DISPLAY: 1280X720
MEMORY: READY (HEAP ACTIVE)
INTERRUPTS: INITIALIZED (100 HZ PIT)
KEYBOARD: READY
SCHEDULER: PREEMPTIVE (ROUND-ROBIN)
USERSPACE: READY (ELF64 + RING 0/3 + SYSCALLS)
STORAGE: MOUNTED (PERSISTENT NOVAFS)

NOVA> [MAIN] banner printed
[TEST] Running HTTP-GET...
[TEST] Wrote /tmp_curl_url
[TEST] Spawned http-get
HTTP-GET STARTED!
Calling sys_open...
SYS_OPEN: trying to open /tmp_curl_url
HTTCalling sys_read...
SYS_READ called
SYS_READ: read successful
Returned from sys_read!
Calling sys_close...
Returned from sys_close!
Parsing utf8...
Trimming whitespace...
Checking https...
HTTP-GET: Starting request to: http://www.example.com/
Resolving www.example.com...
HTTP: DNS lookup start
[DNS] server = 10.0.2.3
TX Used idx: 1
P-GET STARTED!
Calling sys_open...
Calling sys_readTX Used idx: 2
TX Used idx: 3
TX Used idx: 4
TX Used idx: 5
RX packet len=64
ARP IN opcode=2 src=a000203 dst=a00020f
...
Returned from sys_read!
Calling sys_closTX Used idx: 6
[DNS] query sent = YES
e...
Returned fromRX packet len=107
[UDP RX] packet received
[UDP RX] destination port
[UDP RX] source port
[UDP RX] delivered to socket
 sys_close!
Parsing utf8...
Trimmi[DNS] response received = YES
[DNS] response length = 65
[DNS] transaction ID = 1234
[DNS] flags = 8180
[DNS] ANCOUNT = 2
[DNS] A record found = YES
[DNS] IPv4 = 104.20.23.154
[DNS] final result = SUCCESS
HTTP: DNS lookup return code: OK
HTTP: resolved address OK
Connecting to server...
SYS_SOCKET domain=2, type=1, proto=6
SYS_SOCKET: success fd=3
[TCP OUT] len=20 src_port=49153 dest_port=80 seq=12345678 ack=0 flags=0x2 csum=0xe1c9
TX Used idx: 7
RX packet len=64
ARP IN opcode=2 src=a000202 dst=a00020f
ng whitespace...
Checking https...
HTTP-GET: Starting request to: http://www.example.com/
Resolving www.example.com...
HTTP: DNS lookup start
HTTP: DNS lookup return code: OK
HTTP: resolved address OK
Connecting to server...
[TCP OUT] len=20 src_port=49153 dest_port=80 seq=12345678 ack=0 flags=0x2 csum=0xe1c9
[TCP OUT] len=20 src_port=49153 dest_port=80 seq=12345678 ack=0 flags=0x2 csum=0xe1c9
TX Used idx: 8
[TCP OUT] len=20 src_port=49153 destRX packet len=60
[TCP IN] len=24 src_port=80 dest_port=49153 SYN=true ACK=true FIN=false RST=false
[TCP OUT] len=20 src_port=49153 dest_port=80 seq=12345679 ack=192002 flags=0x10 csum=0xf3b5
TX Used idx: 9
Sending GET request...
[TCP OUT] len=80 src_port=49153 dest_port=80 seq=12345679 ack=192002 flags=0x18 csum=0x92b2
TX Used idx: 10
[SYS_SEND] state after send: Established
RX packet len=60
[TCP IN] len=20 src_port=80 dest_port=49153 SYN=false ACK=true FIN=false RST=false
Response:
------------------------
_port=80 seq=12345678 ack=0 flaRX packet len=922
RX packet len=60
[TCP IN] len=888 src_port=80 dest_port=49153 SYN=false ACK=true FIN=false RST=false
[TCP OUT] len=20 src_port=49153 dest_port=80 seq=12345739 ack=192870 flags=0x10 csum=0xf015
TX Used idx: 11
[TCP IN] len=20 src_port=80 dest_port=49153 SYN=false ACK=true FIN=true RST=false
[TCP OUT] len=20 src_port=49153 dest_port=80 seq=12345739 ack=192871 flags=0x10 csum=0xf014
TX Used idx: 12
HTTP/1.1 200 OK
Date: Mon, 17 Aug 2026 04:07:42 GMT
Content-Type: text/html
Transfer-Encoding: chunked
Connection: close
Server: cgs=0x2 csum=0xe1c9
[TCP IN] len=24 src_port=80 dest_port=49153 SYN=true ACKloudflare
Last-Modified: Wed, 12 Aug 2026 20:15:57 GMT
Allow: GET, HEAD
Accept-Ranges: bytes
Age: 6448
cf-cache-status: HIT
CF-RAY: a2c5d0399d76a6e9-DEL

22f
<!doctype htm=true FIN=false RST=false
[TCP OUT] len=20 src_port=49153 dest_port=80 seq=12345l><html lang="en"><head><title>Example Domain</title><link rel="icon" href="data:,"><meta name="viewport" content="width=device-width, initial-scale=1"><style>body{backgro679 ack=192002 flags=0x10 csum=0xf3b5
Sending GET request...
und:#eee;width:60vw;margin:15vh auto;font-family:system-ui,sans-serif}h1{font-size:1.5em}div{opacity:0.8}a:link,a:visited{color:#348}</style></head><body><div><h1>Example Domain</h1><p>This domain is for use in documentation examples without needing permission. Avoid use in operations.</p><p><a href="https://iana.org/domains/example">Learn more</a></p></div></body></html>

0

[SYS_RECV] Returning EOF because state is CloseWait

------------------------
[TCP OUT] len=80 src_port=49153 dest_port=80 seq=12345679 ack=192002 flags=0x18 csum=0x92b2
[SYS_SEND] state after send: Established
[TCP IN] len=20 src_port=80 dest_port=49153 SYN=false ACK=true FIN=false RST=false
Response:
------------------------
[TCP IN] len=888 src_port=80 dest_port=49153loudflare
Last-Modified: Wed, 12 Aug 2026 20:15:57 GMT
Allow: GET, HEAD
l><html lang="en"><head><title>Example Domain</title><link rel="icon" href="dataund:#eee;width:60vw;margin:15vh auto;font-family:system-ui,saRX packet len=922
[TCP IN] len=888 src_port=80 dest_port=49153 SYN=false ACK=true FIN=true RST=false
[TCP IN] len=888 src_port=80 dest_port=49153 SYN=false ACK=true FIN=true RST=false
RX packet len=922
[TCP IN] len=888 src_port=80 dest_port=49153 SYN=false ACK=true FIN=true RST=false
[TCP IN] len=888 src_port=80 dest_port=49153 SYN=false ACK=true FIN=true RST=false
RX packet len=922
[TCP IN] len=888 src_port=80 dest_port=49153 SYN=false ACK=true FIN=true RST=false
[TCP IN] len=888 src_port=80 dest_port=49153 SYN=false ACK=true FIN=true RST=false
